------------------------------------------------------------
Timing Analyzer Summary
------------------------------------------------------------

Type  : Slow 1100mV 85C Model Setup 'MOUSE:M1|MOUSE_CLK_FILTER'
Slack : -8.801
TNS   : -287.841

Type  : Slow 1100mV 85C Model Setup 'vga_sync:V1|horiz_sync_out'
Slack : -7.249
TNS   : -210.467

Type  : Slow 1100mV 85C Model Setup 'C1|cs305_pll_inst|altera_pll_i|general[0].gpll~PLL_OUTPUT_COUNTER|divclk'
Slack : -7.026
TNS   : -96.027

Type  : Slow 1100mV 85C Model Setup 'vga_sync:V1|vert_sync_out'
Slack : -6.130
TNS   : -96.864

Type  : Slow 1100mV 85C Model Hold 'C1|cs305_pll_inst|altera_pll_i|general[0].gpll~PLL_OUTPUT_COUNTER|divclk'
Slack : 0.274
TNS   : 0.000

Type  : Slow 1100mV 85C Model Hold 'MOUSE:M1|MOUSE_CLK_FILTER'
Slack : 0.561
TNS   : 0.000

Type  : Slow 1100mV 85C Model Hold 'vga_sync:V1|horiz_sync_out'
Slack : 0.812
TNS   : 0.000

Type  : Slow 1100mV 85C Model Hold 'vga_sync:V1|vert_sync_out'
Slack : 1.248
TNS   : 0.000

Type  : Slow 1100mV 85C Model Recovery 'MOUSE:M1|MOUSE_CLK_FILTER'
Slack : -7.141
TNS   : -114.043

Type  : Slow 1100mV 85C Model Recovery 'vga_sync:V1|vert_sync_out'
Slack : -3.364
TNS   : -29.983

Type  : Slow 1100mV 85C Model Removal 'vga_sync:V1|vert_sync_out'
Slack : 0.997
TNS   : 0.000

Type  : Slow 1100mV 85C Model Removal 'MOUSE:M1|MOUSE_CLK_FILTER'
Slack : 5.956
TNS   : 0.000

Type  : Slow 1100mV 85C Model Minimum Pulse Width 'MOUSE:M1|MOUSE_CLK_FILTER'
Slack : -0.538
TNS   : -28.218

Type  : Slow 1100mV 85C Model Minimum Pulse Width 'vga_sync:V1|horiz_sync_out'
Slack : -0.538
TNS   : -23.580

Type  : Slow 1100mV 85C Model Minimum Pulse Width 'vga_sync:V1|vert_sync_out'
Slack : -0.538
TNS   : -15.221

Type  : Slow 1100mV 85C Model Minimum Pulse Width 'C1|cs305_pll_inst|altera_pll_i|general[0].gpll~FRACTIONAL_PLL|vcoph[0]'
Slack : 1.666
TNS   : 0.000

Type  : Slow 1100mV 85C Model Minimum Pulse Width 'Clk'
Slack : 9.949
TNS   : 0.000

Type  : Slow 1100mV 85C Model Minimum Pulse Width 'C1|cs305_pll_inst|altera_pll_i|general[0].gpll~PLL_OUTPUT_COUNTER|divclk'
Slack : 18.594
TNS   : 0.000

Type  : Slow 1100mV 0C Model Setup 'MOUSE:M1|MOUSE_CLK_FILTER'
Slack : -8.893
TNS   : -282.348

Type  : Slow 1100mV 0C Model Setup 'vga_sync:V1|horiz_sync_out'
Slack : -7.338
TNS   : -209.597

Type  : Slow 1100mV 0C Model Setup 'C1|cs305_pll_inst|altera_pll_i|general[0].gpll~PLL_OUTPUT_COUNTER|divclk'
Slack : -6.995
TNS   : -89.574

Type  : Slow 1100mV 0C Model Setup 'vga_sync:V1|vert_sync_out'
Slack : -6.189
TNS   : -96.978

Type  : Slow 1100mV 0C Model Hold 'C1|cs305_pll_inst|altera_pll_i|general[0].gpll~PLL_OUTPUT_COUNTER|divclk'
Slack : 0.256
TNS   : 0.000

Type  : Slow 1100mV 0C Model Hold 'MOUSE:M1|MOUSE_CLK_FILTER'
Slack : 0.625
TNS   : 0.000

Type  : Slow 1100mV 0C Model Hold 'vga_sync:V1|horiz_sync_out'
Slack : 0.800
TNS   : 0.000

Type  : Slow 1100mV 0C Model Hold 'vga_sync:V1|vert_sync_out'
Slack : 1.267
TNS   : 0.000

Type  : Slow 1100mV 0C Model Recovery 'MOUSE:M1|MOUSE_CLK_FILTER'
Slack : -7.063
TNS   : -112.787

Type  : Slow 1100mV 0C Model Recovery 'vga_sync:V1|vert_sync_out'
Slack : -3.120
TNS   : -27.818

Type  : Slow 1100mV 0C Model Removal 'vga_sync:V1|vert_sync_out'
Slack : 1.002
TNS   : 0.000

Type  : Slow 1100mV 0C Model Removal 'MOUSE:M1|MOUSE_CLK_FILTER'
Slack : 6.084
TNS   : 0.000

Type  : Slow 1100mV 0C Model Minimum Pulse Width 'MOUSE:M1|MOUSE_CLK_FILTER'
Slack : -0.538
TNS   : -27.212

Type  : Slow 1100mV 0C Model Minimum Pulse Width 'vga_sync:V1|horiz_sync_out'
Slack : -0.538
TNS   : -23.428

Type  : Slow 1100mV 0C Model Minimum Pulse Width 'vga_sync:V1|vert_sync_out'
Slack : -0.538
TNS   : -15.055

Type  : Slow 1100mV 0C Model Minimum Pulse Width 'C1|cs305_pll_inst|altera_pll_i|general[0].gpll~FRACTIONAL_PLL|vcoph[0]'
Slack : 1.666
TNS   : 0.000

Type  : Slow 1100mV 0C Model Minimum Pulse Width 'Clk'
Slack : 9.980
TNS   : 0.000

Type  : Slow 1100mV 0C Model Minimum Pulse Width 'C1|cs305_pll_inst|altera_pll_i|general[0].gpll~PLL_OUTPUT_COUNTER|divclk'
Slack : 18.557
TNS   : 0.000

Type  : Fast 1100mV 85C Model Setup 'MOUSE:M1|MOUSE_CLK_FILTER'
Slack : -4.324
TNS   : -140.006

Type  : Fast 1100mV 85C Model Setup 'C1|cs305_pll_inst|altera_pll_i|general[0].gpll~PLL_OUTPUT_COUNTER|divclk'
Slack : -3.682
TNS   : -55.160

Type  : Fast 1100mV 85C Model Setup 'vga_sync:V1|horiz_sync_out'
Slack : -3.539
TNS   : -99.315

Type  : Fast 1100mV 85C Model Setup 'vga_sync:V1|vert_sync_out'
Slack : -2.809
TNS   : -44.741

Type  : Fast 1100mV 85C Model Hold 'C1|cs305_pll_inst|altera_pll_i|general[0].gpll~PLL_OUTPUT_COUNTER|divclk'
Slack : -0.039
TNS   : -0.107

Type  : Fast 1100mV 85C Model Hold 'vga_sync:V1|horiz_sync_out'
Slack : 0.303
TNS   : 0.000

Type  : Fast 1100mV 85C Model Hold 'MOUSE:M1|MOUSE_CLK_FILTER'
Slack : 0.306
TNS   : 0.000

Type  : Fast 1100mV 85C Model Hold 'vga_sync:V1|vert_sync_out'
Slack : 0.480
TNS   : 0.000

Type  : Fast 1100mV 85C Model Recovery 'MOUSE:M1|MOUSE_CLK_FILTER'
Slack : -3.500
TNS   : -55.901

Type  : Fast 1100mV 85C Model Recovery 'vga_sync:V1|vert_sync_out'
Slack : -1.504
TNS   : -13.334

Type  : Fast 1100mV 85C Model Removal 'vga_sync:V1|vert_sync_out'
Slack : 0.593
TNS   : 0.000

Type  : Fast 1100mV 85C Model Removal 'MOUSE:M1|MOUSE_CLK_FILTER'
Slack : 3.172
TNS   : 0.000

Type  : Fast 1100mV 85C Model Minimum Pulse Width 'vga_sync:V1|vert_sync_out'
Slack : 0.060
TNS   : 0.000

Type  : Fast 1100mV 85C Model Minimum Pulse Width 'vga_sync:V1|horiz_sync_out'
Slack : 0.070
TNS   : 0.000

Type  : Fast 1100mV 85C Model Minimum Pulse Width 'MOUSE:M1|MOUSE_CLK_FILTER'
Slack : 0.099
TNS   : 0.000

Type  : Fast 1100mV 85C Model Minimum Pulse Width 'C1|cs305_pll_inst|altera_pll_i|general[0].gpll~FRACTIONAL_PLL|vcoph[0]'
Slack : 1.666
TNS   : 0.000

Type  : Fast 1100mV 85C Model Minimum Pulse Width 'Clk'
Slack : 9.643
TNS   : 0.000

Type  : Fast 1100mV 85C Model Minimum Pulse Width 'C1|cs305_pll_inst|altera_pll_i|general[0].gpll~PLL_OUTPUT_COUNTER|divclk'
Slack : 18.888
TNS   : 0.000

Type  : Fast 1100mV 0C Model Setup 'MOUSE:M1|MOUSE_CLK_FILTER'
Slack : -4.156
TNS   : -133.852

Type  : Fast 1100mV 0C Model Setup 'vga_sync:V1|horiz_sync_out'
Slack : -3.362
TNS   : -94.864

Type  : Fast 1100mV 0C Model Setup 'C1|cs305_pll_inst|altera_pll_i|general[0].gpll~PLL_OUTPUT_COUNTER|divclk'
Slack : -2.833
TNS   : -41.934

Type  : Fast 1100mV 0C Model Setup 'vga_sync:V1|vert_sync_out'
Slack : -2.561
TNS   : -40.638

Type  : Fast 1100mV 0C Model Hold 'C1|cs305_pll_inst|altera_pll_i|general[0].gpll~PLL_OUTPUT_COUNTER|divclk'
Slack : -0.270
TNS   : -1.186

Type  : Fast 1100mV 0C Model Hold 'vga_sync:V1|horiz_sync_out'
Slack : 0.269
TNS   : 0.000

Type  : Fast 1100mV 0C Model Hold 'MOUSE:M1|MOUSE_CLK_FILTER'
Slack : 0.289
TNS   : 0.000

Type  : Fast 1100mV 0C Model Hold 'vga_sync:V1|vert_sync_out'
Slack : 0.447
TNS   : 0.000

Type  : Fast 1100mV 0C Model Recovery 'MOUSE:M1|MOUSE_CLK_FILTER'
Slack : -3.379
TNS   : -53.994

Type  : Fast 1100mV 0C Model Recovery 'vga_sync:V1|vert_sync_out'
Slack : -1.335
TNS   : -11.819

Type  : Fast 1100mV 0C Model Removal 'vga_sync:V1|vert_sync_out'
Slack : 0.554
TNS   : 0.000

Type  : Fast 1100mV 0C Model Removal 'MOUSE:M1|MOUSE_CLK_FILTER'
Slack : 3.141
TNS   : 0.000

Type  : Fast 1100mV 0C Model Minimum Pulse Width 'vga_sync:V1|vert_sync_out'
Slack : 0.083
TNS   : 0.000

Type  : Fast 1100mV 0C Model Minimum Pulse Width 'vga_sync:V1|horiz_sync_out'
Slack : 0.091
TNS   : 0.000

Type  : Fast 1100mV 0C Model Minimum Pulse Width 'MOUSE:M1|MOUSE_CLK_FILTER'
Slack : 0.095
TNS   : 0.000

Type  : Fast 1100mV 0C Model Minimum Pulse Width 'C1|cs305_pll_inst|altera_pll_i|general[0].gpll~FRACTIONAL_PLL|vcoph[0]'
Slack : 1.666
TNS   : 0.000

Type  : Fast 1100mV 0C Model Minimum Pulse Width 'Clk'
Slack : 9.632
TNS   : 0.000

Type  : Fast 1100mV 0C Model Minimum Pulse Width 'C1|cs305_pll_inst|altera_pll_i|general[0].gpll~PLL_OUTPUT_COUNTER|divclk'
Slack : 18.890
TNS   : 0.000

------------------------------------------------------------
