------------------------------------------------------------
Timing Analyzer Summary
------------------------------------------------------------

Type  : Slow 1100mV 85C Model Setup 'vga_sync:V1|vert_sync_out'
Slack : -9.798
TNS   : -157.598

Type  : Slow 1100mV 85C Model Setup 'vga_sync:V1|horiz_sync_out'
Slack : -9.604
TNS   : -288.054

Type  : Slow 1100mV 85C Model Setup 'MOUSE:M1|MOUSE_CLK_FILTER'
Slack : -8.650
TNS   : -269.666

Type  : Slow 1100mV 85C Model Setup 'state_machine:R1|state.game_over'
Slack : -7.776
TNS   : -7.776

Type  : Slow 1100mV 85C Model Setup 'C1|cs305_pll_inst|altera_pll_i|general[0].gpll~PLL_OUTPUT_COUNTER|divclk'
Slack : -6.957
TNS   : -89.851

Type  : Slow 1100mV 85C Model Setup 'pb2'
Slack : -0.743
TNS   : -0.743

Type  : Slow 1100mV 85C Model Hold 'pb2'
Slack : 0.070
TNS   : 0.000

Type  : Slow 1100mV 85C Model Hold 'C1|cs305_pll_inst|altera_pll_i|general[0].gpll~PLL_OUTPUT_COUNTER|divclk'
Slack : 0.310
TNS   : 0.000

Type  : Slow 1100mV 85C Model Hold 'MOUSE:M1|MOUSE_CLK_FILTER'
Slack : 0.478
TNS   : 0.000

Type  : Slow 1100mV 85C Model Hold 'vga_sync:V1|vert_sync_out'
Slack : 0.960
TNS   : 0.000

Type  : Slow 1100mV 85C Model Hold 'vga_sync:V1|horiz_sync_out'
Slack : 0.996
TNS   : 0.000

Type  : Slow 1100mV 85C Model Hold 'state_machine:R1|state.game_over'
Slack : 6.125
TNS   : 0.000

Type  : Slow 1100mV 85C Model Recovery 'MOUSE:M1|MOUSE_CLK_FILTER'
Slack : -7.004
TNS   : -111.590

Type  : Slow 1100mV 85C Model Recovery 'vga_sync:V1|vert_sync_out'
Slack : -4.097
TNS   : -39.475

Type  : Slow 1100mV 85C Model Removal 'vga_sync:V1|vert_sync_out'
Slack : 1.683
TNS   : 0.000

Type  : Slow 1100mV 85C Model Removal 'MOUSE:M1|MOUSE_CLK_FILTER'
Slack : 5.481
TNS   : 0.000

Type  : Slow 1100mV 85C Model Minimum Pulse Width 'MOUSE:M1|MOUSE_CLK_FILTER'
Slack : -0.538
TNS   : -27.893

Type  : Slow 1100mV 85C Model Minimum Pulse Width 'vga_sync:V1|horiz_sync_out'
Slack : -0.538
TNS   : -25.657

Type  : Slow 1100mV 85C Model Minimum Pulse Width 'vga_sync:V1|vert_sync_out'
Slack : -0.538
TNS   : -16.171

Type  : Slow 1100mV 85C Model Minimum Pulse Width 'pb2'
Slack : -0.538
TNS   : -0.877

Type  : Slow 1100mV 85C Model Minimum Pulse Width 'state_machine:R1|state.game_over'
Slack : 0.351
TNS   : 0.000

Type  : Slow 1100mV 85C Model Minimum Pulse Width 'C1|cs305_pll_inst|altera_pll_i|general[0].gpll~FRACTIONAL_PLL|vcoph[0]'
Slack : 1.666
TNS   : 0.000

Type  : Slow 1100mV 85C Model Minimum Pulse Width 'Clk'
Slack : 9.949
TNS   : 0.000

Type  : Slow 1100mV 85C Model Minimum Pulse Width 'C1|cs305_pll_inst|altera_pll_i|general[0].gpll~PLL_OUTPUT_COUNTER|divclk'
Slack : 18.630
TNS   : 0.000

Type  : Slow 1100mV 0C Model Setup 'vga_sync:V1|vert_sync_out'
Slack : -9.875
TNS   : -158.266

Type  : Slow 1100mV 0C Model Setup 'vga_sync:V1|horiz_sync_out'
Slack : -9.772
TNS   : -286.326

Type  : Slow 1100mV 0C Model Setup 'MOUSE:M1|MOUSE_CLK_FILTER'
Slack : -8.638
TNS   : -265.954

Type  : Slow 1100mV 0C Model Setup 'state_machine:R1|state.game_over'
Slack : -7.686
TNS   : -7.686

Type  : Slow 1100mV 0C Model Setup 'C1|cs305_pll_inst|altera_pll_i|general[0].gpll~PLL_OUTPUT_COUNTER|divclk'
Slack : -6.358
TNS   : -80.183

Type  : Slow 1100mV 0C Model Setup 'pb2'
Slack : -0.714
TNS   : -0.714

Type  : Slow 1100mV 0C Model Hold 'pb2'
Slack : 0.038
TNS   : 0.000

Type  : Slow 1100mV 0C Model Hold 'C1|cs305_pll_inst|altera_pll_i|general[0].gpll~PLL_OUTPUT_COUNTER|divclk'
Slack : 0.243
TNS   : 0.000

Type  : Slow 1100mV 0C Model Hold 'MOUSE:M1|MOUSE_CLK_FILTER'
Slack : 0.523
TNS   : 0.000

Type  : Slow 1100mV 0C Model Hold 'vga_sync:V1|horiz_sync_out'
Slack : 0.978
TNS   : 0.000

Type  : Slow 1100mV 0C Model Hold 'vga_sync:V1|vert_sync_out'
Slack : 1.029
TNS   : 0.000

Type  : Slow 1100mV 0C Model Hold 'state_machine:R1|state.game_over'
Slack : 6.146
TNS   : 0.000

Type  : Slow 1100mV 0C Model Recovery 'MOUSE:M1|MOUSE_CLK_FILTER'
Slack : -6.919
TNS   : -110.260

Type  : Slow 1100mV 0C Model Recovery 'vga_sync:V1|vert_sync_out'
Slack : -4.073
TNS   : -38.988

Type  : Slow 1100mV 0C Model Removal 'vga_sync:V1|vert_sync_out'
Slack : 1.784
TNS   : 0.000

Type  : Slow 1100mV 0C Model Removal 'MOUSE:M1|MOUSE_CLK_FILTER'
Slack : 5.649
TNS   : 0.000

Type  : Slow 1100mV 0C Model Minimum Pulse Width 'MOUSE:M1|MOUSE_CLK_FILTER'
Slack : -0.538
TNS   : -27.780

Type  : Slow 1100mV 0C Model Minimum Pulse Width 'vga_sync:V1|horiz_sync_out'
Slack : -0.538
TNS   : -25.209

Type  : Slow 1100mV 0C Model Minimum Pulse Width 'vga_sync:V1|vert_sync_out'
Slack : -0.538
TNS   : -15.931

Type  : Slow 1100mV 0C Model Minimum Pulse Width 'pb2'
Slack : -0.538
TNS   : -0.910

Type  : Slow 1100mV 0C Model Minimum Pulse Width 'state_machine:R1|state.game_over'
Slack : 0.330
TNS   : 0.000

Type  : Slow 1100mV 0C Model Minimum Pulse Width 'C1|cs305_pll_inst|altera_pll_i|general[0].gpll~FRACTIONAL_PLL|vcoph[0]'
Slack : 1.666
TNS   : 0.000

Type  : Slow 1100mV 0C Model Minimum Pulse Width 'Clk'
Slack : 9.980
TNS   : 0.000

Type  : Slow 1100mV 0C Model Minimum Pulse Width 'C1|cs305_pll_inst|altera_pll_i|general[0].gpll~PLL_OUTPUT_COUNTER|divclk'
Slack : 18.576
TNS   : 0.000

Type  : Fast 1100mV 85C Model Setup 'vga_sync:V1|vert_sync_out'
Slack : -4.795
TNS   : -76.923

Type  : Fast 1100mV 85C Model Setup 'vga_sync:V1|horiz_sync_out'
Slack : -4.667
TNS   : -137.171

Type  : Fast 1100mV 85C Model Setup 'C1|cs305_pll_inst|altera_pll_i|general[0].gpll~PLL_OUTPUT_COUNTER|divclk'
Slack : -4.472
TNS   : -58.012

Type  : Fast 1100mV 85C Model Setup 'MOUSE:M1|MOUSE_CLK_FILTER'
Slack : -4.283
TNS   : -129.221

Type  : Fast 1100mV 85C Model Setup 'state_machine:R1|state.game_over'
Slack : -3.565
TNS   : -3.565

Type  : Fast 1100mV 85C Model Setup 'pb2'
Slack : -0.030
TNS   : -0.030

Type  : Fast 1100mV 85C Model Hold 'pb2'
Slack : -0.018
TNS   : -0.018

Type  : Fast 1100mV 85C Model Hold 'C1|cs305_pll_inst|altera_pll_i|general[0].gpll~PLL_OUTPUT_COUNTER|divclk'
Slack : 0.121
TNS   : 0.000

Type  : Fast 1100mV 85C Model Hold 'MOUSE:M1|MOUSE_CLK_FILTER'
Slack : 0.287
TNS   : 0.000

Type  : Fast 1100mV 85C Model Hold 'vga_sync:V1|vert_sync_out'
Slack : 0.420
TNS   : 0.000

Type  : Fast 1100mV 85C Model Hold 'vga_sync:V1|horiz_sync_out'
Slack : 0.435
TNS   : 0.000

Type  : Fast 1100mV 85C Model Hold 'state_machine:R1|state.game_over'
Slack : 3.138
TNS   : 0.000

Type  : Fast 1100mV 85C Model Recovery 'MOUSE:M1|MOUSE_CLK_FILTER'
Slack : -3.420
TNS   : -54.421

Type  : Fast 1100mV 85C Model Recovery 'vga_sync:V1|vert_sync_out'
Slack : -2.037
TNS   : -19.874

Type  : Fast 1100mV 85C Model Removal 'vga_sync:V1|vert_sync_out'
Slack : 0.571
TNS   : 0.000

Type  : Fast 1100mV 85C Model Removal 'MOUSE:M1|MOUSE_CLK_FILTER'
Slack : 2.897
TNS   : 0.000

Type  : Fast 1100mV 85C Model Minimum Pulse Width 'pb2'
Slack : -0.332
TNS   : -0.332

Type  : Fast 1100mV 85C Model Minimum Pulse Width 'vga_sync:V1|horiz_sync_out'
Slack : -0.020
TNS   : -0.156

Type  : Fast 1100mV 85C Model Minimum Pulse Width 'vga_sync:V1|vert_sync_out'
Slack : -0.019
TNS   : -0.038

Type  : Fast 1100mV 85C Model Minimum Pulse Width 'MOUSE:M1|MOUSE_CLK_FILTER'
Slack : 0.020
TNS   : 0.000

Type  : Fast 1100mV 85C Model Minimum Pulse Width 'state_machine:R1|state.game_over'
Slack : 0.458
TNS   : 0.000

Type  : Fast 1100mV 85C Model Minimum Pulse Width 'C1|cs305_pll_inst|altera_pll_i|general[0].gpll~FRACTIONAL_PLL|vcoph[0]'
Slack : 1.666
TNS   : 0.000

Type  : Fast 1100mV 85C Model Minimum Pulse Width 'Clk'
Slack : 9.643
TNS   : 0.000

Type  : Fast 1100mV 85C Model Minimum Pulse Width 'C1|cs305_pll_inst|altera_pll_i|general[0].gpll~PLL_OUTPUT_COUNTER|divclk'
Slack : 18.894
TNS   : 0.000

Type  : Fast 1100mV 0C Model Setup 'vga_sync:V1|vert_sync_out'
Slack : -4.490
TNS   : -71.305

Type  : Fast 1100mV 0C Model Setup 'vga_sync:V1|horiz_sync_out'
Slack : -4.398
TNS   : -129.130

Type  : Fast 1100mV 0C Model Setup 'MOUSE:M1|MOUSE_CLK_FILTER'
Slack : -4.105
TNS   : -124.467

Type  : Fast 1100mV 0C Model Setup 'C1|cs305_pll_inst|altera_pll_i|general[0].gpll~PLL_OUTPUT_COUNTER|divclk'
Slack : -3.612
TNS   : -44.231

Type  : Fast 1100mV 0C Model Setup 'state_machine:R1|state.game_over'
Slack : -3.369
TNS   : -3.369

Type  : Fast 1100mV 0C Model Setup 'pb2'
Slack : 0.014
TNS   : 0.000

Type  : Fast 1100mV 0C Model Hold 'C1|cs305_pll_inst|altera_pll_i|general[0].gpll~PLL_OUTPUT_COUNTER|divclk'
Slack : -0.199
TNS   : -0.413

Type  : Fast 1100mV 0C Model Hold 'pb2'
Slack : -0.035
TNS   : -0.035

Type  : Fast 1100mV 0C Model Hold 'MOUSE:M1|MOUSE_CLK_FILTER'
Slack : 0.267
TNS   : 0.000

Type  : Fast 1100mV 0C Model Hold 'vga_sync:V1|horiz_sync_out'
Slack : 0.398
TNS   : 0.000

Type  : Fast 1100mV 0C Model Hold 'vga_sync:V1|vert_sync_out'
Slack : 0.409
TNS   : 0.000

Type  : Fast 1100mV 0C Model Hold 'state_machine:R1|state.game_over'
Slack : 3.048
TNS   : 0.000

Type  : Fast 1100mV 0C Model Recovery 'MOUSE:M1|MOUSE_CLK_FILTER'
Slack : -3.307
TNS   : -52.669

Type  : Fast 1100mV 0C Model Recovery 'vga_sync:V1|vert_sync_out'
Slack : -1.801
TNS   : -17.534

Type  : Fast 1100mV 0C Model Removal 'vga_sync:V1|vert_sync_out'
Slack : 0.558
TNS   : 0.000

Type  : Fast 1100mV 0C Model Removal 'MOUSE:M1|MOUSE_CLK_FILTER'
Slack : 2.896
TNS   : 0.000

Type  : Fast 1100mV 0C Model Minimum Pulse Width 'pb2'
Slack : -0.343
TNS   : -0.347

Type  : Fast 1100mV 0C Model Minimum Pulse Width 'vga_sync:V1|vert_sync_out'
Slack : 0.020
TNS   : 0.000

Type  : Fast 1100mV 0C Model Minimum Pulse Width 'MOUSE:M1|MOUSE_CLK_FILTER'
Slack : 0.029
TNS   : 0.000

Type  : Fast 1100mV 0C Model Minimum Pulse Width 'vga_sync:V1|horiz_sync_out'
Slack : 0.030
TNS   : 0.000

Type  : Fast 1100mV 0C Model Minimum Pulse Width 'state_machine:R1|state.game_over'
Slack : 0.456
TNS   : 0.000

Type  : Fast 1100mV 0C Model Minimum Pulse Width 'C1|cs305_pll_inst|altera_pll_i|general[0].gpll~FRACTIONAL_PLL|vcoph[0]'
Slack : 1.666
TNS   : 0.000

Type  : Fast 1100mV 0C Model Minimum Pulse Width 'Clk'
Slack : 9.632
TNS   : 0.000

Type  : Fast 1100mV 0C Model Minimum Pulse Width 'C1|cs305_pll_inst|altera_pll_i|general[0].gpll~PLL_OUTPUT_COUNTER|divclk'
Slack : 18.894
TNS   : 0.000

------------------------------------------------------------
