------------------------------------------------------------
Timing Analyzer Summary
------------------------------------------------------------

Type  : Slow 1100mV 85C Model Setup 'pipes:d1|power'
Slack : -10.782
TNS   : -63.011

Type  : Slow 1100mV 85C Model Setup 'vga_sync:V1|horiz_sync_out'
Slack : -9.102
TNS   : -270.188

Type  : Slow 1100mV 85C Model Setup 'MOUSE:M1|MOUSE_CLK_FILTER'
Slack : -8.501
TNS   : -276.887

Type  : Slow 1100mV 85C Model Setup 'vga_sync:V1|vert_sync_out'
Slack : -6.591
TNS   : -101.666

Type  : Slow 1100mV 85C Model Setup 'C1|cs305_pll_inst|altera_pll_i|general[0].gpll~PLL_OUTPUT_COUNTER|divclk'
Slack : -6.365
TNS   : -99.696

Type  : Slow 1100mV 85C Model Hold 'C1|cs305_pll_inst|altera_pll_i|general[0].gpll~PLL_OUTPUT_COUNTER|divclk'
Slack : -5.193
TNS   : -15.153

Type  : Slow 1100mV 85C Model Hold 'MOUSE:M1|MOUSE_CLK_FILTER'
Slack : 0.669
TNS   : 0.000

Type  : Slow 1100mV 85C Model Hold 'vga_sync:V1|horiz_sync_out'
Slack : 0.756
TNS   : 0.000

Type  : Slow 1100mV 85C Model Hold 'vga_sync:V1|vert_sync_out'
Slack : 1.389
TNS   : 0.000

Type  : Slow 1100mV 85C Model Hold 'pipes:d1|power'
Slack : 1.658
TNS   : 0.000

Type  : Slow 1100mV 85C Model Recovery 'MOUSE:M1|MOUSE_CLK_FILTER'
Slack : -7.042
TNS   : -112.343

Type  : Slow 1100mV 85C Model Recovery 'vga_sync:V1|vert_sync_out'
Slack : -3.466
TNS   : -32.562

Type  : Slow 1100mV 85C Model Removal 'vga_sync:V1|vert_sync_out'
Slack : 1.168
TNS   : 0.000

Type  : Slow 1100mV 85C Model Removal 'MOUSE:M1|MOUSE_CLK_FILTER'
Slack : 5.889
TNS   : 0.000

Type  : Slow 1100mV 85C Model Minimum Pulse Width 'MOUSE:M1|MOUSE_CLK_FILTER'
Slack : -0.538
TNS   : -27.895

Type  : Slow 1100mV 85C Model Minimum Pulse Width 'vga_sync:V1|horiz_sync_out'
Slack : -0.538
TNS   : -26.703

Type  : Slow 1100mV 85C Model Minimum Pulse Width 'vga_sync:V1|vert_sync_out'
Slack : -0.538
TNS   : -17.781

Type  : Slow 1100mV 85C Model Minimum Pulse Width 'pipes:d1|power'
Slack : 0.315
TNS   : 0.000

Type  : Slow 1100mV 85C Model Minimum Pulse Width 'C1|cs305_pll_inst|altera_pll_i|general[0].gpll~FRACTIONAL_PLL|vcoph[0]'
Slack : 1.666
TNS   : 0.000

Type  : Slow 1100mV 85C Model Minimum Pulse Width 'Clk'
Slack : 9.949
TNS   : 0.000

Type  : Slow 1100mV 85C Model Minimum Pulse Width 'C1|cs305_pll_inst|altera_pll_i|general[0].gpll~PLL_OUTPUT_COUNTER|divclk'
Slack : 18.594
TNS   : 0.000

Type  : Slow 1100mV 0C Model Setup 'pipes:d1|power'
Slack : -10.857
TNS   : -63.351

Type  : Slow 1100mV 0C Model Setup 'vga_sync:V1|horiz_sync_out'
Slack : -9.111
TNS   : -270.980

Type  : Slow 1100mV 0C Model Setup 'MOUSE:M1|MOUSE_CLK_FILTER'
Slack : -8.505
TNS   : -271.635

Type  : Slow 1100mV 0C Model Setup 'vga_sync:V1|vert_sync_out'
Slack : -6.588
TNS   : -101.165

Type  : Slow 1100mV 0C Model Setup 'C1|cs305_pll_inst|altera_pll_i|general[0].gpll~PLL_OUTPUT_COUNTER|divclk'
Slack : -5.848
TNS   : -89.683

Type  : Slow 1100mV 0C Model Hold 'C1|cs305_pll_inst|altera_pll_i|general[0].gpll~PLL_OUTPUT_COUNTER|divclk'
Slack : -5.218
TNS   : -17.699

Type  : Slow 1100mV 0C Model Hold 'MOUSE:M1|MOUSE_CLK_FILTER'
Slack : 0.694
TNS   : 0.000

Type  : Slow 1100mV 0C Model Hold 'vga_sync:V1|horiz_sync_out'
Slack : 0.791
TNS   : 0.000

Type  : Slow 1100mV 0C Model Hold 'vga_sync:V1|vert_sync_out'
Slack : 1.339
TNS   : 0.000

Type  : Slow 1100mV 0C Model Hold 'pipes:d1|power'
Slack : 1.423
TNS   : 0.000

Type  : Slow 1100mV 0C Model Recovery 'MOUSE:M1|MOUSE_CLK_FILTER'
Slack : -6.949
TNS   : -111.045

Type  : Slow 1100mV 0C Model Recovery 'vga_sync:V1|vert_sync_out'
Slack : -3.343
TNS   : -31.435

Type  : Slow 1100mV 0C Model Removal 'vga_sync:V1|vert_sync_out'
Slack : 1.177
TNS   : 0.000

Type  : Slow 1100mV 0C Model Removal 'MOUSE:M1|MOUSE_CLK_FILTER'
Slack : 6.026
TNS   : 0.000

Type  : Slow 1100mV 0C Model Minimum Pulse Width 'MOUSE:M1|MOUSE_CLK_FILTER'
Slack : -0.538
TNS   : -27.515

Type  : Slow 1100mV 0C Model Minimum Pulse Width 'vga_sync:V1|horiz_sync_out'
Slack : -0.538
TNS   : -26.623

Type  : Slow 1100mV 0C Model Minimum Pulse Width 'vga_sync:V1|vert_sync_out'
Slack : -0.538
TNS   : -17.686

Type  : Slow 1100mV 0C Model Minimum Pulse Width 'pipes:d1|power'
Slack : 0.345
TNS   : 0.000

Type  : Slow 1100mV 0C Model Minimum Pulse Width 'C1|cs305_pll_inst|altera_pll_i|general[0].gpll~FRACTIONAL_PLL|vcoph[0]'
Slack : 1.666
TNS   : 0.000

Type  : Slow 1100mV 0C Model Minimum Pulse Width 'Clk'
Slack : 9.980
TNS   : 0.000

Type  : Slow 1100mV 0C Model Minimum Pulse Width 'C1|cs305_pll_inst|altera_pll_i|general[0].gpll~PLL_OUTPUT_COUNTER|divclk'
Slack : 18.551
TNS   : 0.000

Type  : Fast 1100mV 85C Model Setup 'pipes:d1|power'
Slack : -5.348
TNS   : -30.816

Type  : Fast 1100mV 85C Model Setup 'vga_sync:V1|horiz_sync_out'
Slack : -4.534
TNS   : -126.406

Type  : Fast 1100mV 85C Model Setup 'MOUSE:M1|MOUSE_CLK_FILTER'
Slack : -4.245
TNS   : -135.595

Type  : Fast 1100mV 85C Model Setup 'C1|cs305_pll_inst|altera_pll_i|general[0].gpll~PLL_OUTPUT_COUNTER|divclk'
Slack : -4.042
TNS   : -62.339

Type  : Fast 1100mV 85C Model Setup 'vga_sync:V1|vert_sync_out'
Slack : -3.252
TNS   : -49.872

Type  : Fast 1100mV 85C Model Hold 'C1|cs305_pll_inst|altera_pll_i|general[0].gpll~PLL_OUTPUT_COUNTER|divclk'
Slack : -2.830
TNS   : -8.255

Type  : Fast 1100mV 85C Model Hold 'vga_sync:V1|horiz_sync_out'
Slack : 0.305
TNS   : 0.000

Type  : Fast 1100mV 85C Model Hold 'MOUSE:M1|MOUSE_CLK_FILTER'
Slack : 0.307
TNS   : 0.000

Type  : Fast 1100mV 85C Model Hold 'vga_sync:V1|vert_sync_out'
Slack : 0.665
TNS   : 0.000

Type  : Fast 1100mV 85C Model Hold 'pipes:d1|power'
Slack : 0.864
TNS   : 0.000

Type  : Fast 1100mV 85C Model Recovery 'MOUSE:M1|MOUSE_CLK_FILTER'
Slack : -3.486
TNS   : -54.455

Type  : Fast 1100mV 85C Model Recovery 'vga_sync:V1|vert_sync_out'
Slack : -1.580
TNS   : -15.334

Type  : Fast 1100mV 85C Model Removal 'vga_sync:V1|vert_sync_out'
Slack : 0.733
TNS   : 0.000

Type  : Fast 1100mV 85C Model Removal 'MOUSE:M1|MOUSE_CLK_FILTER'
Slack : 3.073
TNS   : 0.000

Type  : Fast 1100mV 85C Model Minimum Pulse Width 'vga_sync:V1|vert_sync_out'
Slack : -0.103
TNS   : -0.987

Type  : Fast 1100mV 85C Model Minimum Pulse Width 'vga_sync:V1|horiz_sync_out'
Slack : -0.048
TNS   : -0.512

Type  : Fast 1100mV 85C Model Minimum Pulse Width 'MOUSE:M1|MOUSE_CLK_FILTER'
Slack : 0.066
TNS   : 0.000

Type  : Fast 1100mV 85C Model Minimum Pulse Width 'pipes:d1|power'
Slack : 0.388
TNS   : 0.000

Type  : Fast 1100mV 85C Model Minimum Pulse Width 'C1|cs305_pll_inst|altera_pll_i|general[0].gpll~FRACTIONAL_PLL|vcoph[0]'
Slack : 1.666
TNS   : 0.000

Type  : Fast 1100mV 85C Model Minimum Pulse Width 'Clk'
Slack : 9.643
TNS   : 0.000

Type  : Fast 1100mV 85C Model Minimum Pulse Width 'C1|cs305_pll_inst|altera_pll_i|general[0].gpll~PLL_OUTPUT_COUNTER|divclk'
Slack : 18.888
TNS   : 0.000

Type  : Fast 1100mV 0C Model Setup 'pipes:d1|power'
Slack : -5.056
TNS   : -29.248

Type  : Fast 1100mV 0C Model Setup 'vga_sync:V1|horiz_sync_out'
Slack : -4.259
TNS   : -119.822

Type  : Fast 1100mV 0C Model Setup 'MOUSE:M1|MOUSE_CLK_FILTER'
Slack : -4.077
TNS   : -129.821

Type  : Fast 1100mV 0C Model Setup 'C1|cs305_pll_inst|altera_pll_i|general[0].gpll~PLL_OUTPUT_COUNTER|divclk'
Slack : -3.106
TNS   : -47.216

Type  : Fast 1100mV 0C Model Setup 'vga_sync:V1|vert_sync_out'
Slack : -2.944
TNS   : -44.076

Type  : Fast 1100mV 0C Model Hold 'C1|cs305_pll_inst|altera_pll_i|general[0].gpll~PLL_OUTPUT_COUNTER|divclk'
Slack : -2.807
TNS   : -11.034

Type  : Fast 1100mV 0C Model Hold 'vga_sync:V1|horiz_sync_out'
Slack : 0.282
TNS   : 0.000

Type  : Fast 1100mV 0C Model Hold 'MOUSE:M1|MOUSE_CLK_FILTER'
Slack : 0.297
TNS   : 0.000

Type  : Fast 1100mV 0C Model Hold 'vga_sync:V1|vert_sync_out'
Slack : 0.607
TNS   : 0.000

Type  : Fast 1100mV 0C Model Hold 'pipes:d1|power'
Slack : 0.775
TNS   : 0.000

Type  : Fast 1100mV 0C Model Recovery 'MOUSE:M1|MOUSE_CLK_FILTER'
Slack : -3.362
TNS   : -52.825

Type  : Fast 1100mV 0C Model Recovery 'vga_sync:V1|vert_sync_out'
Slack : -1.396
TNS   : -13.494

Type  : Fast 1100mV 0C Model Removal 'vga_sync:V1|vert_sync_out'
Slack : 0.688
TNS   : 0.000

Type  : Fast 1100mV 0C Model Removal 'MOUSE:M1|MOUSE_CLK_FILTER'
Slack : 3.054
TNS   : 0.000

Type  : Fast 1100mV 0C Model Minimum Pulse Width 'vga_sync:V1|vert_sync_out'
Slack : -0.049
TNS   : -0.419

Type  : Fast 1100mV 0C Model Minimum Pulse Width 'vga_sync:V1|horiz_sync_out'
Slack : -0.007
TNS   : -0.073

Type  : Fast 1100mV 0C Model Minimum Pulse Width 'MOUSE:M1|MOUSE_CLK_FILTER'
Slack : 0.079
TNS   : 0.000

Type  : Fast 1100mV 0C Model Minimum Pulse Width 'pipes:d1|power'
Slack : 0.404
TNS   : 0.000

Type  : Fast 1100mV 0C Model Minimum Pulse Width 'C1|cs305_pll_inst|altera_pll_i|general[0].gpll~FRACTIONAL_PLL|vcoph[0]'
Slack : 1.666
TNS   : 0.000

Type  : Fast 1100mV 0C Model Minimum Pulse Width 'Clk'
Slack : 9.632
TNS   : 0.000

Type  : Fast 1100mV 0C Model Minimum Pulse Width 'C1|cs305_pll_inst|altera_pll_i|general[0].gpll~PLL_OUTPUT_COUNTER|divclk'
Slack : 18.889
TNS   : 0.000

------------------------------------------------------------
