------------------------------------------------------------
Timing Analyzer Summary
------------------------------------------------------------

Type  : Slow 1100mV 85C Model Setup 'CLK'
Slack : -8.198
TNS   : -151.184

Type  : Slow 1100mV 85C Model Setup 'clk_25M:div_design|v_clk'
Slack : -3.919
TNS   : -84.999

Type  : Slow 1100mV 85C Model Hold 'CLK'
Slack : 0.440
TNS   : 0.000

Type  : Slow 1100mV 85C Model Hold 'clk_25M:div_design|v_clk'
Slack : 0.629
TNS   : 0.000

Type  : Slow 1100mV 85C Model Minimum Pulse Width 'CLK'
Slack : -0.538
TNS   : -39.675

Type  : Slow 1100mV 85C Model Minimum Pulse Width 'clk_25M:div_design|v_clk'
Slack : -0.538
TNS   : -27.402

Type  : Slow 1100mV 0C Model Setup 'CLK'
Slack : -8.218
TNS   : -152.050

Type  : Slow 1100mV 0C Model Setup 'clk_25M:div_design|v_clk'
Slack : -3.949
TNS   : -86.082

Type  : Slow 1100mV 0C Model Hold 'CLK'
Slack : 0.447
TNS   : 0.000

Type  : Slow 1100mV 0C Model Hold 'clk_25M:div_design|v_clk'
Slack : 0.596
TNS   : 0.000

Type  : Slow 1100mV 0C Model Minimum Pulse Width 'CLK'
Slack : -0.538
TNS   : -39.088

Type  : Slow 1100mV 0C Model Minimum Pulse Width 'clk_25M:div_design|v_clk'
Slack : -0.538
TNS   : -27.313

Type  : Fast 1100mV 85C Model Setup 'CLK'
Slack : -3.695
TNS   : -55.757

Type  : Fast 1100mV 85C Model Setup 'clk_25M:div_design|v_clk'
Slack : -1.468
TNS   : -29.725

Type  : Fast 1100mV 85C Model Hold 'CLK'
Slack : 0.200
TNS   : 0.000

Type  : Fast 1100mV 85C Model Hold 'clk_25M:div_design|v_clk'
Slack : 0.234
TNS   : 0.000

Type  : Fast 1100mV 85C Model Minimum Pulse Width 'CLK'
Slack : -0.397
TNS   : -12.881

Type  : Fast 1100mV 85C Model Minimum Pulse Width 'clk_25M:div_design|v_clk'
Slack : -0.051
TNS   : -0.678

Type  : Fast 1100mV 0C Model Setup 'CLK'
Slack : -3.429
TNS   : -47.464

Type  : Fast 1100mV 0C Model Setup 'clk_25M:div_design|v_clk'
Slack : -1.305
TNS   : -26.197

Type  : Fast 1100mV 0C Model Hold 'CLK'
Slack : 0.190
TNS   : 0.000

Type  : Fast 1100mV 0C Model Hold 'clk_25M:div_design|v_clk'
Slack : 0.204
TNS   : 0.000

Type  : Fast 1100mV 0C Model Minimum Pulse Width 'CLK'
Slack : -0.374
TNS   : -12.130

Type  : Fast 1100mV 0C Model Minimum Pulse Width 'clk_25M:div_design|v_clk'
Slack : -0.010
TNS   : -0.058

------------------------------------------------------------
